// Jest Snapshot v1, https://goo.gl/fbAQLP

exports[`pruebas en <LoginScreen/> should de hacer mostrarse cor rectamente 1`] = `
<div
  clasname="container mt-5"
>
  <h1>
    Login Screen
  </h1>
  <hr />
  <button
    className="btn btn-primary"
    onClick={[Function]}
  >
    Login
  </button>
</div>
`;
